// Jest Snapshot v1, https://goo.gl/fbAQLP

exports[`Module streams page should render and contain appropiate components 1`] = `
<ContentPage
  content={Object {}}
  getAutoCompleteParams={[Function]}
  header="Module Streams"
  initialInputValue=""
  onPaginationChange={[Function]}
  onSearch={[Function]}
  tableSchema={
    Array [
      Object {
        "cell": Object {
          "formatters": Array [
            [Function],
          ],
        },
        "header": Object {
          "formatters": Array [
            [Function],
          ],
          "label": "Name",
        },
        "property": "name",
      },
      Object {
        "cell": Object {
          "formatters": Array [
            [Function],
          ],
        },
        "header": Object {
          "formatters": Array [
            [Function],
          ],
          "label": "Stream",
        },
        "property": "stream",
      },
      Object {
        "cell": Object {
          "formatters": Array [
            [Function],
          ],
        },
        "header": Object {
          "formatters": Array [
            [Function],
          ],
          "label": "Version",
        },
        "property": "version",
      },
      Object {
        "cell": Object {
          "formatters": Array [
            [Function],
          ],
        },
        "header": Object {
          "formatters": Array [
            [Function],
          ],
          "label": "Context",
        },
        "property": "context",
      },
      Object {
        "cell": Object {
          "formatters": Array [
            [Function],
          ],
        },
        "header": Object {
          "formatters": Array [
            [Function],
          ],
          "label": "Arch",
        },
        "property": "arch",
      },
    ]
  }
  updateSearchQuery={[Function]}
/>
`;
